=== METHOD C (coefficient space, (a,s) Gauss-Legendre panels) ===
  dps=90 n_out=48 n_in=48  [3.8s]
    0.169929382623479502656443157131761902134060021550168627595273003507287882682136304184
  dps=90 n_out=64 n_in=64  [6.7s]
    0.169929382623479502656443157131761902134057261454628668423558011484196967666421479233   d(prev)=-2.7601e-42
  dps=90 n_out=84 n_in=84  [12.1s]
    0.169929382623479502656443157131761902134057261454631531532741970530015178935387749831   d(prev)=2.8631e-51
  dps=110 n_out=110 n_in=110  [25.4s]
    0.1699293826234795026564431571317619021340572614546315315327419707570687910330741843961179009726052717248   d(prev)=2.2705e-64

--- METHOD C, variant panel breakpoints (same reduction, different mesh) ---
  dps=110 n_out=104 n_in=104  [23.7s]
    0.16992938262347950265644315713176190213405726145463153153274197075706879103307417918893715710505441867395

=== METHOD R (root space, u-integral closed form, (mid,d) GL panels) ===
  dps=90 n=36  [4.3s]
    0.169929382623479502656443157131717557470233521273009177801790926216854150114288803577
  dps=90 n=52  [8.4s]
    0.169929382623479502656443157131761901969135637218606491119896568157942230630262853543   d(prev)=4.4344e-32
  dps=90 n=72  [16.1s]
    0.169929382623479502656443157131761902134057261453804061314961117971157880190429438171   d(prev)=1.6492e-37
  dps=110 n=96  [40.5s]
    0.16992938262347950265644315713176190213405726145463153148322032148972634741919897882163427255756654396705   d(prev)=8.2747e-49

--- METHOD R, variant panel breakpoints ---
  dps=110 n=92  [45.3s]
    0.16992938262347950265644315713176190213405726145463153153273998651075110654072207143121707078001606839399

=== agreement table (matching significant decimal digits) ===
  C(main) vs R(main)                 :  54 digits   diff = 4.95216e-56
  C(main) vs C(variant mesh)         :  79 digits   diff = 5.20718e-81
  R(main) vs R(variant mesh)         :  54 digits   diff = -4.95197e-56
  C(variant) vs R(variant)           :  58 digits   diff = 1.98425e-60
  C self-convergence (last two n)    :  62 digits   diff = 2.27054e-64
  R self-convergence (last two n)    :  47 digits   diff = 8.2747e-49

  method C truncation bound (|a|>20) : 5.5072e-89
  method R truncation bound (|r|>20.0) : 5.1163e-80

  spread over all four high-order runs = 4.95216e-56
  => digits common to all four: 54

  P_A = 0.16992938262347950265644315713176190213405726145463

wrote results/gaussian_cubic_quad.json
